Microchip MPLAB XC8 Compiler V2.31

Linker command line:

-W-3 --edf=/opt/microchip/xc8/v2.31/pic/dat/en_msgs.txt -cn \
  -h+dist/default/production/UartTest.X.production.sym \
  --cmf=dist/default/production/UartTest.X.production.cmf -z -Q18LF6622 \
  -o/tmp/xcXapHGAo --defsym=__MPLAB_BUILD=1 \
  -Mdist/default/production/UartTest.X.production.map -E1 -ver=XC8 Compiler \
  --acfsm=1493 -ASTACK=0AEh-0F5Fh -pstack=STACK -ACODE=00h-0FFFFh \
  -ACONST=00h-0FFFFh -ASMALLCONST=01000h-010FFhx240 \
  -AMEDIUMCONST=01000h-0FFFFh -ACOMRAM=01h-05Fh -AABS1=00h-0F5Fh \
  -ABIGRAM=01h-0F5Fh -ARAM=060h-0FFh,0100h-01FFhx14,0F00h-0F5Fh \
  -ABANK0=060h-0FFh -ABANK1=0100h-01FFh -ABANK2=0200h-02FFh \
  -ABANK3=0300h-03FFh -ABANK4=0400h-04FFh -ABANK5=0500h-05FFh \
  -ABANK6=0600h-06FFh -ABANK7=0700h-07FFh -ABANK8=0800h-08FFh \
  -ABANK9=0900h-09FFh -ABANK10=0A00h-0AFFh -ABANK11=0B00h-0BFFh \
  -ABANK12=0C00h-0CFFh -ABANK13=0D00h-0DFFh -ABANK14=0E00h-0EFFh \
  -ABANK15=0F00h-0F5Fh -ASFR=0F60h-0FFFh -ACONFIG=0300000h-030000Dh \
  -AIDLOC=0200000h-0200007h -AEEDATA=0F00000h-0F003FFh -peeprom_data=EEDATA \
  -preset_vec=00h,intcode=08h,intcodelo,powerup,init -pramtop=01000h \
  -psmallconst=SMALLCONST -pmediumconst=MEDIUMCONST -pconst=CONST \
  -AFARRAM=00h-00h \
  -prdata=COMRAM,nvrram=COMRAM,nvbit=COMRAM,rbss=COMRAM,rbit=COMRAM \
  -pfarbss=FARRAM,fardata=FARRAM,nvFARRAM=FARRAM \
  -pintsave_regs=BIGRAM,bigbss=BIGRAM,bigdata=BIGRAM -pbss=RAM \
  -pidata=CODE,irdata=CODE,ibigdata=CODE,ifardata=CODE -prparam=COMRAM \
  /tmp/xcXFDhMFD.o dist/default/production/UartTest.X.production.o 

Object code version is 3.11

Machine type is 18LF6622



                Name                               Link     Load   Length Selector   Space Scale
/tmp/xcXFDhMFD.o
                idloc                            200000   200000        8        0       5
                config                           300000   300000        E        0       4
                init                                 6E       6E        4        4       0
                reset_vec                             0        0        4        0       0
dist/default/production/UartTest.X.production.o
                intcode                               8        8       66        4       0
                idloc                            200000   200000        8        0       5
                config                           300000   300000        E        0       4
                temp                                 4F       4F        1        1       1
                smallconst                         1000     1000       48      800       0
                text34                             1E18     1E18      16E      824       0
                text33                             3174     3174       12      824       0
                text32                             2E12     2E12       70      824       0
                text31                             2496     2496      124      824       0
                text30                             28C6     28C6       FA      824       0
                text29                             2FAC     2FAC       5C      824       0
                text28                             30E0     30E0       42      824       0
                text26                             2CF4     2CF4       A4      824       0
                text25                             309E     309E       42      824       0
                text24                             2232     2232      13C      824       0
                text23                             27CC     27CC       FA      824       0
                text22                             1CA6     1CA6      172      824       0
                text21                             2F50     2F50       5C      824       0
                text20                             2EEC     2EEC       64      824       0
                text19                             2D98     2D98       7A      824       0
                text18                             2C44     2C44       B0      824       0
                text17                             1508     1508      42A      824       0
                text16                             1048     1048      4C0      824       0
                text15                             3058     3058       46      824       0
                text14                             26C6     26C6      106      824       0
                text13                             1AF2     1AF2      1B4      824       0
                text12                             25BA     25BA      10C      824       0
                text11                             29C0     29C0       EC      824       0
                text10                             2E82     2E82       6A      824       0
                text9                              1932     1932      1C0      824       0
                text8                              1F86     1F86      15A      824       0
                text7                              2B80     2B80       C4      824       0
                text6                              2AAC     2AAC       D4      824       0
                text5                              3186     3186        E      824       0
                text4                              3008     3008       50      824       0
                text3                              3162     3162       12      824       0
                text2                              236E     236E      128      824       0
                text1                              314C     314C       16      824       0
                text0                              20E0     20E0      152      824       0
                cstackCOMRAM                          1        1       33        1       1
                cstackBANK0                          A0       A0        E       60       1
                bssBANK0                             60       60       40       60       1
                bssCOMRAM                            34       34       1B        1       1
                cinit                              3122     3122       2A      824       0

TOTAL           Name                               Link     Load   Length     Space
        CLASS   STACK          

        CLASS   CODE           
                intcode                               8        8       66         0
                init                                 6E       6E        4         0
                reset_vec                             0        0        4         0
                text34                             1E18     1E18      16E         0
                text33                             3174     3174       12         0
                text32                             2E12     2E12       70         0
                text31                             2496     2496      124         0
                text30                             28C6     28C6       FA         0
                text29                             2FAC     2FAC       5C         0
                text28                             30E0     30E0       42         0
                text26                             2CF4     2CF4       A4         0
                text25                             309E     309E       42         0
                text24                             2232     2232      13C         0
                text23                             27CC     27CC       FA         0
                text22                             1CA6     1CA6      172         0
                text21                             2F50     2F50       5C         0
                text20                             2EEC     2EEC       64         0
                text19                             2D98     2D98       7A         0
                text18                             2C44     2C44       B0         0
                text17                             1508     1508      42A         0
                text16                             1048     1048      4C0         0
                text15                             3058     3058       46         0
                text14                             26C6     26C6      106         0
                text13                             1AF2     1AF2      1B4         0
                text12                             25BA     25BA      10C         0
                text11                             29C0     29C0       EC         0
                text10                             2E82     2E82       6A         0
                text9                              1932     1932      1C0         0
                text8                              1F86     1F86      15A         0
                text7                              2B80     2B80       C4         0
                text6                              2AAC     2AAC       D4         0
                text5                              3186     3186        E         0
                text4                              3008     3008       50         0
                text3                              3162     3162       12         0
                text2                              236E     236E      128         0
                text1                              314C     314C       16         0
                text0                              20E0     20E0      152         0
                cinit                              3122     3122       2A         0

        CLASS   CONST          

        CLASS   SMALLCONST     
                smallconst                         1000     1000       48         0

        CLASS   MEDIUMCONST    

        CLASS   COMRAM         
                temp                                 4F       4F        1         1
                cstackCOMRAM                          1        1       33         1
                bssCOMRAM                            34       34       1B         1

        CLASS   ABS1           

        CLASS   BIGRAM         

        CLASS   RAM            

        CLASS   BANK0          
                cstackBANK0                          A0       A0        E         1
                bssBANK0                             60       60       40         1

        CLASS   BANK1          

        CLASS   BANK2          

        CLASS   BANK3          

        CLASS   BANK4          

        CLASS   BANK5          

        CLASS   BANK6          

        CLASS   BANK7          

        CLASS   BANK8          

        CLASS   BANK9          

        CLASS   BANK10         

        CLASS   BANK11         

        CLASS   BANK12         

        CLASS   BANK13         

        CLASS   BANK14         

        CLASS   BANK15         

        CLASS   SFR            

        CLASS   CONFIG         
                config                           300000   300000        E         4

        CLASS   IDLOC          
                idloc                            200000   200000        8         5

        CLASS   EEDATA         

        CLASS   FARRAM         



SEGMENTS        Name                           Load    Length   Top    Selector   Space  Class

                text16                         001048  00214C  003194       824       0  CODE    
                reset_vec                      000000  000004  000004         0       0  CODE    
                intcode                        000008  00006A  000072         4       0  CODE    
                smallconst                     001000  000048  001048       800       0  SMALLCON
                bssBANK0                       000060  00004E  0000AE        60       1  BANK0   
                cstackCOMRAM                   000001  00004F  000050         1       1  COMRAM  


UNUSED ADDRESS RANGES

        Name                Unused          Largest block    Delta
        BANK0            0000AE-0000FF               52
        BANK1            000100-0001FF              100
        BANK10           000A00-000AFF              100
        BANK11           000B00-000BFF              100
        BANK12           000C00-000CFF              100
        BANK13           000D00-000DFF              100
        BANK14           000E00-000EFF              100
        BANK15           000F00-000F5F               60
        BANK2            000200-0002FF              100
        BANK3            000300-0003FF              100
        BANK4            000400-0004FF              100
        BANK5            000500-0005FF              100
        BANK6            000600-0006FF              100
        BANK7            000700-0007FF              100
        BANK8            000800-0008FF              100
        BANK9            000900-0009FF              100
        BIGRAM           000050-00005F               10
                         0000AE-000F5F              EB2
        CODE             000004-000007                4
                         000072-000FFF              F8E
                         003194-00FFFF             CE6C
        COMRAM           000050-00005F               10
        CONST            000004-000007                4
                         000072-000FFF              F8E
                         003194-00FFFF             CE6C
        EEDATA           F00000-F003FF              400
        MEDIUMCONST      003194-00FFFF             CE6C
        RAM              0000AE-000F5F              100
        SFR              000F60-000FFF               A0
        SMALLCONST       003194-00FFFF              100
        STACK            0000AE-000F5F              EB2

                                  Symbol Table

?___aldiv                                 cstackCOMRAM 00001B
?___almod                                 cstackCOMRAM 000011
?___awdiv                                 cstackCOMRAM 000017
?___awmod                                 cstackCOMRAM 000011
?___fladd                                 cstackCOMRAM 000011
?___flmul                                 cstackCOMRAM 000011
?___flsub                                 cstackCOMRAM 000029
?___fltol                                 cstackCOMRAM 000011
?___lldiv                                 cstackCOMRAM 000011
?___lmul                                  cstackCOMRAM 000011
?___xxtofl                                cstackCOMRAM 00001B
_CREN1                                    (abs)        007D5C
_INTCONbits                               (abs)        000FF2
_OERR1                                    (abs)        007D59
_PIE1bits                                 (abs)        000F9D
_PIR1bits                                 (abs)        000F9E
_PORTE                                    (abs)        000F84
_RCIF                                     (abs)        007CF5
_RCREG1                                   (abs)        000FAE
_RCSTA1                                   (abs)        000FAB
_SPBRG1                                   (abs)        000FAF
_TRISE                                    (abs)        000F96
_TRMT1                                    (abs)        007D61
_TXREG1                                   (abs)        000FAD
_TXSTA1                                   (abs)        000FAC
__HRAM                                    (abs)        000000
__Habs1                                   abs1         000000
__Hbank0                                  bank0        000000
__Hbank1                                  bank1        000000
__Hbank10                                 bank10       000000
__Hbank11                                 bank11       000000
__Hbank12                                 bank12       000000
__Hbank13                                 bank13       000000
__Hbank14                                 bank14       000000
__Hbank15                                 bank15       000000
__Hbank2                                  bank2        000000
__Hbank3                                  bank3        000000
__Hbank4                                  bank4        000000
__Hbank5                                  bank5        000000
__Hbank6                                  bank6        000000
__Hbank7                                  bank7        000000
__Hbank8                                  bank8        000000
__Hbank9                                  bank9        000000
__Hbigbss                                 bigbss       000000
__Hbigdata                                bigdata      000000
__Hbigram                                 bigram       000000
__Hbss                                    bss          000000
__HbssBANK0                               bssBANK0     000000
__HbssCOMRAM                              bssCOMRAM    000000
__Hcinit                                  cinit        000000
__Hclrtext                                clrtext      000000
__Hcomram                                 comram       000000
__Hconfig                                 config       30000E
__Hconst                                  const        000000
__HcstackBANK0                            cstackBANK0  000000
__HcstackCOMRAM                           cstackCOMRAM 000000
__Hdata                                   data         000000
__Heeprom_data                            eeprom_data  000000
__Hfarbss                                 farbss       000000
__Hfardata                                fardata      000000
__Hibigdata                               ibigdata     000000
__Hidata                                  idata        000000
__Hidloc                                  idloc        200008
__Hifardata                               ifardata     000000
__Hinit                                   init         000072
__Hintcode                                intcode      00006E
__Hintcode_body                           intcode_body 000000
__Hintcodelo                              intcodelo    00006E
__Hintentry                               intentry     000000
__Hintret                                 intret       000000
__Hintsave_regs                           intsave_regs 000000
__Hirdata                                 irdata       000000
__Hmediumconst                            mediumconst  000000
__HnvFARRAM                               nvFARRAM     000000
__Hnvbit                                  nvbit        000000
__Hnvrram                                 nvrram       000000
__Hparam                                  rparam       000000
__Hpowerup                                powerup      00006E
__Hram                                    ram          000000
__Hramtop                                 ramtop       001000
__Hrbit                                   rbit         000000
__Hrbss                                   rbss         000000
__Hrdata                                  rdata        000000
__Hreset_vec                              reset_vec    000004
__Hrparam                                 rparam       000000
__Hsfr                                    sfr          000000
__Hsmallconst                             smallconst   001048
__Hspace_0                                (abs)        003194
__Hspace_1                                (abs)        0000AE
__Hspace_2                                (abs)        000000
__Hspace_4                                (abs)        60000E
__Hstack                                  stack        000000
__Hstruct                                 struct       000000
__Htemp                                   temp         000050
__Htext                                   text         000000
__Htext0                                  text0        000000
__Htext1                                  text1        000000
__Htext10                                 text10       000000
__Htext11                                 text11       000000
__Htext12                                 text12       000000
__Htext13                                 text13       000000
__Htext14                                 text14       000000
__Htext15                                 text15       000000
__Htext16                                 text16       000000
__Htext17                                 text17       000000
__Htext18                                 text18       000000
__Htext19                                 text19       000000
__Htext2                                  text2        000000
__Htext20                                 text20       000000
__Htext21                                 text21       000000
__Htext22                                 text22       000000
__Htext23                                 text23       000000
__Htext24                                 text24       000000
__Htext25                                 text25       000000
__Htext26                                 text26       000000
__Htext28                                 text28       000000
__Htext29                                 text29       000000
__Htext3                                  text3        000000
__Htext30                                 text30       000000
__Htext31                                 text31       000000
__Htext32                                 text32       000000
__Htext33                                 text33       000000
__Htext34                                 text34       000000
__Htext4                                  text4        000000
__Htext5                                  text5        000000
__Htext6                                  text6        000000
__Htext7                                  text7        000000
__Htext8                                  text8        000000
__Htext9                                  text9        000000
__LRAM                                    (abs)        000001
__Labs1                                   abs1         000000
__Lbank0                                  bank0        000000
__Lbank1                                  bank1        000000
__Lbank10                                 bank10       000000
__Lbank11                                 bank11       000000
__Lbank12                                 bank12       000000
__Lbank13                                 bank13       000000
__Lbank14                                 bank14       000000
__Lbank15                                 bank15       000000
__Lbank2                                  bank2        000000
__Lbank3                                  bank3        000000
__Lbank4                                  bank4        000000
__Lbank5                                  bank5        000000
__Lbank6                                  bank6        000000
__Lbank7                                  bank7        000000
__Lbank8                                  bank8        000000
__Lbank9                                  bank9        000000
__Lbigbss                                 bigbss       000000
__Lbigdata                                bigdata      000000
__Lbigram                                 bigram       000000
__Lbss                                    bss          000000
__LbssBANK0                               bssBANK0     000000
__LbssCOMRAM                              bssCOMRAM    000000
__Lcinit                                  cinit        000000
__Lclrtext                                clrtext      000000
__Lcomram                                 comram       000000
__Lconfig                                 config       000000
__Lconst                                  const        000000
__LcstackBANK0                            cstackBANK0  000000
__LcstackCOMRAM                           cstackCOMRAM 000000
__Ldata                                   data         000000
__Leeprom_data                            eeprom_data  000000
__Lfarbss                                 farbss       000000
__Lfardata                                fardata      000000
__Libigdata                               ibigdata     000000
__Lidata                                  idata        000000
__Lidloc                                  idloc        000000
__Lifardata                               ifardata     000000
__Linit                                   init         00006E
__Lintcode                                intcode      000008
__Lintcode_body                           intcode_body 000000
__Lintcodelo                              intcodelo    00006E
__Lintentry                               intentry     000000
__Lintret                                 intret       000000
__Lintsave_regs                           intsave_regs 000000
__Lirdata                                 irdata       000000
__Lmediumconst                            mediumconst  000000
__LnvFARRAM                               nvFARRAM     000000
__Lnvbit                                  nvbit        000000
__Lnvrram                                 nvrram       000000
__Lparam                                  rparam       000000
__Lpowerup                                powerup      00006E
__Lram                                    ram          000000
__Lramtop                                 ramtop       001000
__Lrbit                                   rbit         000000
__Lrbss                                   rbss         000000
__Lrdata                                  rdata        000000
__Lreset_vec                              reset_vec    000000
__Lrparam                                 rparam       000000
__Lsfr                                    sfr          000000
__Lsmallconst                             smallconst   001000
__Lspace_0                                (abs)        000000
__Lspace_1                                (abs)        000000
__Lspace_2                                (abs)        000000
__Lspace_4                                (abs)        000000
__Lstack                                  stack        000000
__Lstruct                                 struct       000000
__Ltemp                                   temp         00004F
__Ltext                                   text         000000
__Ltext0                                  text0        000000
__Ltext1                                  text1        000000
__Ltext10                                 text10       000000
__Ltext11                                 text11       000000
__Ltext12                                 text12       000000
__Ltext13                                 text13       000000
__Ltext14                                 text14       000000
__Ltext15                                 text15       000000
__Ltext16                                 text16       000000
__Ltext17                                 text17       000000
__Ltext18                                 text18       000000
__Ltext19                                 text19       000000
__Ltext2                                  text2        000000
__Ltext20                                 text20       000000
__Ltext21                                 text21       000000
__Ltext22                                 text22       000000
__Ltext23                                 text23       000000
__Ltext24                                 text24       000000
__Ltext25                                 text25       000000
__Ltext26                                 text26       000000
__Ltext28                                 text28       000000
__Ltext29                                 text29       000000
__Ltext3                                  text3        000000
__Ltext30                                 text30       000000
__Ltext31                                 text31       000000
__Ltext32                                 text32       000000
__Ltext33                                 text33       000000
__Ltext34                                 text34       000000
__Ltext4                                  text4        000000
__Ltext5                                  text5        000000
__Ltext6                                  text6        000000
__Ltext7                                  text7        000000
__Ltext8                                  text8        000000
__Ltext9                                  text9        000000
__S0                                      (abs)        003194
__S1                                      (abs)        0000AE
__S2                                      (abs)        000000
__S4                                      (abs)        000000
__S5                                      (abs)        000000
___aldiv                                  text12       0025BA
___aldiv@counter                          cstackCOMRAM 000023
___aldiv@dividend                         cstackCOMRAM 00001B
___aldiv@divisor                          cstackCOMRAM 00001F
___aldiv@quotient                         cstackCOMRAM 000025
___aldiv@sign                             cstackCOMRAM 000024
___almod                                  text11       0029C0
___almod@counter                          cstackCOMRAM 000019
___almod@dividend                         cstackCOMRAM 000011
___almod@divisor                          cstackCOMRAM 000015
___almod@sign                             cstackCOMRAM 00001A
___awdiv                                  text7        002B80
___awdiv@counter                          cstackCOMRAM 00001B
___awdiv@dividend                         cstackCOMRAM 000017
___awdiv@divisor                          cstackCOMRAM 000019
___awdiv@quotient                         cstackCOMRAM 00001D
___awdiv@sign                             cstackCOMRAM 00001C
___awmod                                  text18       002C44
___awmod@counter                          cstackCOMRAM 000015
___awmod@dividend                         cstackCOMRAM 000011
___awmod@divisor                          cstackCOMRAM 000013
___awmod@sign                             cstackCOMRAM 000016
___fladd                                  text16       001048
___fladd@a                                cstackCOMRAM 000015
___fladd@aexp                             cstackCOMRAM 00001E
___fladd@b                                cstackCOMRAM 000011
___fladd@bexp                             cstackCOMRAM 00001F
___fladd@grs                              cstackCOMRAM 000020
___fladd@signs                            cstackCOMRAM 00001D
___flmul                                  text17       001508
___flmul@a                                cstackCOMRAM 000015
___flmul@aexp                             cstackCOMRAM 00001E
___flmul@b                                cstackCOMRAM 000011
___flmul@bexp                             cstackCOMRAM 000023
___flmul@grs                              cstackCOMRAM 00001F
___flmul@prod                             cstackCOMRAM 000024
___flmul@sign                             cstackCOMRAM 00001D
___flmul@temp                             cstackCOMRAM 000028
___flsub                                  text15       003058
___flsub@a                                cstackCOMRAM 00002D
___flsub@b                                cstackCOMRAM 000029
___fltol                                  text14       0026C6
___fltol@exp1                             cstackCOMRAM 00001A
___fltol@f1                               cstackCOMRAM 000011
___fltol@sign1                            cstackCOMRAM 000019
___inthi_sp                               stack        000000
___intlo_sp                               stack        000000
___lldiv                                  text26       002CF4
___lldiv@counter                          cstackCOMRAM 00001D
___lldiv@dividend                         cstackCOMRAM 000011
___lldiv@divisor                          cstackCOMRAM 000015
___lldiv@quotient                         cstackCOMRAM 000019
___lmul                                   text10       002E82
___lmul@multiplicand                      cstackCOMRAM 000015
___lmul@multiplier                        cstackCOMRAM 000011
___lmul@product                           cstackCOMRAM 000019
___param_bank                             (abs)        000000
___rparam_used                            (abs)        000001
___sp                                     stack        000000
___xxtofl                                 text13       001AF2
___xxtofl@arg                             cstackCOMRAM 000025
___xxtofl@exp                             cstackCOMRAM 000024
___xxtofl@sign                            cstackCOMRAM 000023
___xxtofl@val                             cstackCOMRAM 00001B
__accesstop                               (abs)        000060
__activetblptr                            (abs)        000001
__end_of___aldiv                          text12       0026C6
__end_of___almod                          text11       002AAC
__end_of___awdiv                          text7        002C44
__end_of___awmod                          text18       002CF4
__end_of___fladd                          text16       001508
__end_of___flmul                          text17       001932
__end_of___flsub                          text15       00309E
__end_of___fltol                          text14       0027CC
__end_of___lldiv                          text26       002D98
__end_of___lmul                           text10       002EEC
__end_of___xxtofl                         text13       001CA6
__end_of__initialization                  cinit        00313A
__end_of_circularBuffer_init              text25       0030E0
__end_of_circularBuffer_isEmpty           text32       002E82
__end_of_circularBuffer_isFull            text23       0028C6
__end_of_circularBuffer_read              text2        002496
__end_of_circularBuffer_write             text22       001E18
__end_of_main                             text0        002232
__end_of_theInterrupt                     intcode      00006E
__end_of_uart_init                        text24       00236E
__end_of_uart_newline                     text5        003194
__end_of_uart_print                       text4        003058
__end_of_uart_printByteBinary             text20       002F50
__end_of_uart_printByteHex                text19       002E12
__end_of_uart_printFloat                  text8        0020E0
__end_of_uart_printInt32                  text9        001AF2
__end_of_uart_printUint8                  text6        002B80
__end_of_uart_println                     text3        003174
__end_of_uart_putc                        text21       002FAC
__end_of_uart_rxInterrupt                 text33       003186
__end_of_uart_testAndGetc                 text1        003162
__end_of_uart_txInterrupt                 text28       003122
__end_ofi2_circularBuffer_isFull          text30       0029C0
__end_ofi2_circularBuffer_read            text31       0025BA
__end_ofi2_circularBuffer_write           text34       001F86
__end_ofi2_uart_putc                      text29       003008
__initialization                          cinit        003122
__mediumconst                             mediumconst  000000
__pbssBANK0                               bssBANK0     000060
__pbssCOMRAM                              bssCOMRAM    000034
__pcinit                                  cinit        003122
__pcstackBANK0                            cstackBANK0  0000A0
__pcstackCOMRAM                           cstackCOMRAM 000001
__pintcode                                intcode      000008
__psmallconst                             smallconst   001000
__ptext0                                  text0        0020E0
__ptext1                                  text1        00314C
__ptext10                                 text10       002E82
__ptext11                                 text11       0029C0
__ptext12                                 text12       0025BA
__ptext13                                 text13       001AF2
__ptext14                                 text14       0026C6
__ptext15                                 text15       003058
__ptext16                                 text16       001048
__ptext17                                 text17       001508
__ptext18                                 text18       002C44
__ptext19                                 text19       002D98
__ptext2                                  text2        00236E
__ptext20                                 text20       002EEC
__ptext21                                 text21       002F50
__ptext22                                 text22       001CA6
__ptext23                                 text23       0027CC
__ptext24                                 text24       002232
__ptext25                                 text25       00309E
__ptext26                                 text26       002CF4
__ptext28                                 text28       0030E0
__ptext29                                 text29       002FAC
__ptext3                                  text3        003162
__ptext30                                 text30       0028C6
__ptext31                                 text31       002496
__ptext32                                 text32       002E12
__ptext33                                 text33       003174
__ptext34                                 text34       001E18
__ptext4                                  text4        003008
__ptext5                                  text5        003186
__ptext6                                  text6        002AAC
__ptext7                                  text7        002B80
__ptext8                                  text8        001F86
__ptext9                                  text9        001932
__ramtop                                  ramtop       001000
__size_of___aldiv                         (abs)        000000
__size_of___almod                         (abs)        000000
__size_of___awdiv                         (abs)        000000
__size_of___awmod                         (abs)        000000
__size_of___fladd                         (abs)        000000
__size_of___flmul                         (abs)        000000
__size_of___flsub                         (abs)        000000
__size_of___fltol                         (abs)        000000
__size_of___lldiv                         (abs)        000000
__size_of___lmul                          (abs)        000000
__size_of___xxtofl                        (abs)        000000
__size_of_circularBuffer_init             (abs)        000000
__size_of_circularBuffer_isEmpty          (abs)        000000
__size_of_circularBuffer_isFull           (abs)        000000
__size_of_circularBuffer_read             (abs)        000000
__size_of_circularBuffer_write            (abs)        000000
__size_of_main                            (abs)        000000
__size_of_theInterrupt                    (abs)        000000
__size_of_uart_init                       (abs)        000000
__size_of_uart_newline                    (abs)        000000
__size_of_uart_print                      (abs)        000000
__size_of_uart_printByteBinary            (abs)        000000
__size_of_uart_printByteHex               (abs)        000000
__size_of_uart_printFloat                 (abs)        000000
__size_of_uart_printInt32                 (abs)        000000
__size_of_uart_printUint8                 (abs)        000000
__size_of_uart_println                    (abs)        000000
__size_of_uart_putc                       (abs)        000000
__size_of_uart_rxInterrupt                (abs)        000000
__size_of_uart_testAndGetc                (abs)        000000
__size_of_uart_txInterrupt                (abs)        000000
__size_ofi2_circularBuffer_isFull         (abs)        000000
__size_ofi2_circularBuffer_read           (abs)        000000
__size_ofi2_circularBuffer_write          (abs)        000000
__size_ofi2_uart_putc                     (abs)        000000
__smallconst                              smallconst   001000
_circularBuffer_init                      text25       00309E
_circularBuffer_isEmpty                   text32       002E12
_circularBuffer_isFull                    text23       0027CC
_circularBuffer_read                      text2        00236E
_circularBuffer_write                     text22       001CA6
_main                                     text0        0020E0
_rxBuffer                                 bssCOMRAM    00004A
_rxBufferMemory                           bssCOMRAM    000035
_sending                                  bssCOMRAM    000034
_theInterrupt                             intcode      000008
_txBuffer                                 bssCOMRAM    000045
_txBufferMemory                           bssBANK0     000060
_uart_init                                text24       002232
_uart_newline                             text5        003186
_uart_print                               text4        003008
_uart_printByteBinary                     text20       002EEC
_uart_printByteHex                        text19       002D98
_uart_printFloat                          text8        001F86
_uart_printInt32                          text9        001932
_uart_printInt32$1047                     cstackBANK0  0000A0
_uart_printUint8                          text6        002AAC
_uart_println                             text3        003162
_uart_putc                                text21       002F50
_uart_rxInterrupt                         text33       003174
_uart_testAndGetc                         text1        00314C
_uart_txInterrupt                         text28       0030E0
btemp                                     temp         00004F
circularBuffer_init@size                  cstackCOMRAM 000015
circularBuffer_init@theBuffer             cstackCOMRAM 000013
circularBuffer_init@theCircularBuffer     cstackCOMRAM 000011
circularBuffer_isEmpty@gieSet             cstackCOMRAM 000005
circularBuffer_isEmpty@theCircularBuffer  cstackCOMRAM 000001
circularBuffer_isFull@gieSet              cstackCOMRAM 000019
circularBuffer_isFull@theCircularBuffer   cstackCOMRAM 000011
circularBuffer_read@gieSet                cstackCOMRAM 000018
circularBuffer_read@theCircularBuffer     cstackCOMRAM 000011
circularBuffer_read@toRead                cstackCOMRAM 000013
circularBuffer_write@gieSet               cstackCOMRAM 00001A
circularBuffer_write@theCircularBuffer    cstackCOMRAM 000011
circularBuffer_write@toWrite              cstackCOMRAM 000013
end_of_initialization                     cinit        00313A
i2_circularBuffer_isFull                  text30       0028C6
i2_circularBuffer_read                    text31       002496
i2_circularBuffer_write                   text34       001E18
i2_uart_putc                              text29       002FAC
i2circularBuffer_isFull@gieSet            cstackCOMRAM 000009
i2circularBuffer_isFull@theCircularBuffer cstackCOMRAM 000001
i2circularBuffer_read@gieSet              cstackCOMRAM 000008
i2circularBuffer_read@theCircularBuffer   cstackCOMRAM 000001
i2circularBuffer_read@toRead              cstackCOMRAM 000003
i2circularBuffer_write@gieSet             cstackCOMRAM 00000A
i2circularBuffer_write@theCircularBuffer  cstackCOMRAM 000001
i2circularBuffer_write@toWrite            cstackCOMRAM 000003
i2uart_putc@a                             cstackCOMRAM 00000B
int$flags                                 temp         00004F
intlevel0                                 text         000000
intlevel1                                 text         000000
intlevel2                                 text         000000
intlevel3                                 text         000000
main@rxChar                               cstackBANK0  0000AD
stackhi                                   (abs)        000F5F
stacklo                                   (abs)        0000AE
start                                     init         00006E
start_initialization                      cinit        003122
ttemp5                                    temp         000050
ttemp6                                    temp         000053
ttemp7                                    temp         000057
uart_init@a                               cstackCOMRAM 000026
uart_init@baudrate                        cstackCOMRAM 00001E
uart_print@a                              cstackCOMRAM 00001C
uart_print@i                              cstackCOMRAM 000020
uart_printByteBinary@a                    cstackCOMRAM 00001E
uart_printByteBinary@i                    cstackCOMRAM 00001F
uart_printByteHex@a                       cstackCOMRAM 00001D
uart_printFloat@a                         cstackBANK0  0000A8
uart_printFloat@d                         cstackCOMRAM 000032
uart_printFloat@digitsAfterComma          cstackBANK0  0000AC
uart_printFloat@i                         cstackCOMRAM 000033
uart_printInt32@a                         cstackCOMRAM 000029
uart_printInt32@modulor                   cstackBANK0  0000A4
uart_printUint8@a                         cstackCOMRAM 00001F
uart_printUint8@divisor                   cstackCOMRAM 000020
uart_println@a                            cstackCOMRAM 000021
uart_putc@a                               cstackCOMRAM 00001B
uart_testAndGetc@c                        cstackCOMRAM 000019
uart_txInterrupt@txChar                   cstackCOMRAM 00000C
wtemp8                                    temp         000050


FUNCTION INFORMATION:

 *************** function _main *****************
 Defined at:
		line 16 in file "main.c"
 Parameters:    Size  Location     Type
		None
 Auto vars:     Size  Location     Type
  rxChar          1   13[BANK0 ] unsigned char 
 Return value:  Size  Location     Type
                  1    wreg      void 
 Registers used:
		wreg, fsr1l, fsr1h, fsr2l, fsr2h, status,2, status,0, tblptrl, tblptrh, tblptru, prodl, prodh, cstack
 Tracked objects:
		On entry : 
		On exit  : 
		Unchanged: 
 Data sizes:     COMRAM   BANK0   BANK1   BANK2   BANK3   BANK4   BANK5   BANK6   BANK7   BANK8   BANK9  BANK10  BANK11  BANK12  BANK13  BANK14  BANK15
      Params:         0       0       0       0       0       0       0       0       0       0       0       0       0       0       0       0       0
      Locals:         0       1       0       0       0       0       0       0       0       0       0       0       0       0       0       0       0
      Temps:          0       0       0       0       0       0       0       0       0       0       0       0       0       0       0       0       0
      Totals:         0       1       0       0       0       0       0       0       0       0       0       0       0       0       0       0       0
Total ram usage:        1 bytes
 Hardware stack levels required when called:    8
 This function calls:
		_uart_init
		_uart_print
		_uart_printByteBinary
		_uart_printByteHex
		_uart_printFloat
		_uart_printInt32
		_uart_printUint8
		_uart_println
		_uart_putc
		_uart_testAndGetc
 This function is called by:
		Startup code after reset
 This function uses a non-reentrant model


 *************** function _uart_testAndGetc *****************
 Defined at:
		line 58 in file "uart.c"
 Parameters:    Size  Location     Type
  c               2   24[COMRAM] PTR unsigned char 
		 -> main@rxChar(1), 
 Auto vars:     Size  Location     Type
		None
 Return value:  Size  Location     Type
                  1    wreg      unsigned char 
 Registers used:
		wreg, fsr1l, fsr1h, fsr2l, fsr2h, status,2, status,0, cstack
 Tracked objects:
		On entry : 
		On exit  : 
		Unchanged: 
 Data sizes:     COMRAM   BANK0   BANK1   BANK2   BANK3   BANK4   BANK5   BANK6   BANK7   BANK8   BANK9  BANK10  BANK11  BANK12  BANK13  BANK14  BANK15
      Params:         2       0       0       0       0       0       0       0       0       0       0       0       0       0       0       0       0
      Locals:         0       0       0       0       0       0       0       0       0       0       0       0       0       0       0       0       0
      Temps:          0       0       0       0       0       0       0       0       0       0       0       0       0       0       0       0       0
      Totals:         2       0       0       0       0       0       0       0       0       0       0       0       0       0       0       0       0
Total ram usage:        2 bytes
 Hardware stack levels used:    1
 Hardware stack levels required when called:    5
 This function calls:
		_circularBuffer_read
 This function is called by:
		_main
 This function uses a non-reentrant model


 *************** function _circularBuffer_read *****************
 Defined at:
		line 37 in file "circularBuffer.c"
 Parameters:    Size  Location     Type
  theCircularB    2   16[COMRAM] PTR volatile struct .
		 -> txBuffer(5), rxBuffer(5), 
  toRead          2   18[COMRAM] PTR unsigned char 
		 -> uart_txInterrupt@txChar(1), main@rxChar(1), 
 Auto vars:     Size  Location     Type
  gieSet          1   23[COMRAM] unsigned char 
 Return value:  Size  Location     Type
                  1    wreg      unsigned char 
 Registers used:
		wreg, fsr1l, fsr1h, fsr2l, fsr2h, status,2, status,0
 Tracked objects:
		On entry : 
		On exit  : 
		Unchanged: 
 Data sizes:     COMRAM   BANK0   BANK1   BANK2   BANK3   BANK4   BANK5   BANK6   BANK7   BANK8   BANK9  BANK10  BANK11  BANK12  BANK13  BANK14  BANK15
      Params:         4       0       0       0       0       0       0       0       0       0       0       0       0       0       0       0       0
      Locals:         1       0       0       0       0       0       0       0       0       0       0       0       0       0       0       0       0
      Temps:          3       0       0       0       0       0       0       0       0       0       0       0       0       0       0       0       0
      Totals:         8       0       0       0       0       0       0       0       0       0       0       0       0       0       0       0       0
Total ram usage:        8 bytes
 Hardware stack levels used:    1
 Hardware stack levels required when called:    4
 This function calls:
		Nothing
 This function is called by:
		_uart_testAndGetc
 This function uses a non-reentrant model


 *************** function _uart_println *****************
 Defined at:
		line 106 in file "uart.c"
 Parameters:    Size  Location     Type
  a               2   32[COMRAM] PTR const unsigned char 
		 -> STR_12(1), STR_11(1), STR_10(1), STR_9(1), 
		 -> STR_8(1), STR_7(1), STR_6(1), STR_5(1), 
		 -> STR_4(1), STR_3(28), STR_1(25), 
 Auto vars:     Size  Location     Type
		None
 Return value:  Size  Location     Type
                  1    wreg      void 
 Registers used:
		wreg, fsr1l, fsr1h, fsr2l, fsr2h, status,2, status,0, tblptrl, tblptrh, tblptru, cstack
 Tracked objects:
		On entry : 
		On exit  : 
		Unchanged: 
 Data sizes:     COMRAM   BANK0   BANK1   BANK2   BANK3   BANK4   BANK5   BANK6   BANK7   BANK8   BANK9  BANK10  BANK11  BANK12  BANK13  BANK14  BANK15
      Params:         2       0       0       0       0       0       0       0       0       0       0       0       0       0       0       0       0
      Locals:         0       0       0       0       0       0       0       0       0       0       0       0       0       0       0       0       0
      Temps:          0       0       0       0       0       0       0       0       0       0       0       0       0       0       0       0       0
      Totals:         2       0       0       0       0       0       0       0       0       0       0       0       0       0       0       0       0
Total ram usage:        2 bytes
 Hardware stack levels used:    1
 Hardware stack levels required when called:    7
 This function calls:
		_uart_newline
		_uart_print
 This function is called by:
		_main
 This function uses a non-reentrant model


 *************** function _uart_print *****************
 Defined at:
		line 93 in file "uart.c"
 Parameters:    Size  Location     Type
  a               2   27[COMRAM] PTR const unsigned char 
		 -> STR_12(1), STR_11(1), STR_10(1), STR_9(1), 
		 -> STR_8(1), STR_7(1), STR_6(1), STR_5(1), 
		 -> STR_4(1), STR_3(28), STR_2(17), STR_1(25), 
 Auto vars:     Size  Location     Type
  i               1   31[COMRAM] unsigned char 
 Return value:  Size  Location     Type
                  1    wreg      void 
 Registers used:
		wreg, fsr1l, fsr1h, fsr2l, fsr2h, status,2, status,0, tblptrl, tblptrh, tblptru, cstack
 Tracked objects:
		On entry : 
		On exit  : 
		Unchanged: 
 Data sizes:     COMRAM   BANK0   BANK1   BANK2   BANK3   BANK4   BANK5   BANK6   BANK7   BANK8   BANK9  BANK10  BANK11  BANK12  BANK13  BANK14  BANK15
      Params:         2       0       0       0       0       0       0       0       0       0       0       0       0       0       0       0       0
      Locals:         1       0       0       0       0       0       0       0       0       0       0       0       0       0       0       0       0
      Temps:          2       0       0       0       0       0       0       0       0       0       0       0       0       0       0       0       0
      Totals:         5       0       0       0       0       0       0       0       0       0       0       0       0       0       0       0       0
Total ram usage:        5 bytes
 Hardware stack levels used:    1
 Hardware stack levels required when called:    6
 This function calls:
		_uart_putc
 This function is called by:
		_main
		_uart_println
 This function uses a non-reentrant model


 *************** function _uart_newline *****************
 Defined at:
		line 100 in file "uart.c"
 Parameters:    Size  Location     Type
		None
 Auto vars:     Size  Location     Type
		None
 Return value:  Size  Location     Type
                  1    wreg      void 
 Registers used:
		wreg, fsr1l, fsr1h, fsr2l, fsr2h, status,2, status,0, cstack
 Tracked objects:
		On entry : 
		On exit  : 
		Unchanged: 
 Data sizes:     COMRAM   BANK0   BANK1   BANK2   BANK3   BANK4   BANK5   BANK6   BANK7   BANK8   BANK9  BANK10  BANK11  BANK12  BANK13  BANK14  BANK15
      Params:         0       0       0       0       0       0       0       0       0       0       0       0       0       0       0       0       0
      Locals:         0       0       0       0       0       0       0       0       0       0       0       0       0       0       0       0       0
      Temps:          0       0       0       0       0       0       0       0       0       0       0       0       0       0       0       0       0
      Totals:         0       0       0       0       0       0       0       0       0       0       0       0       0       0       0       0       0
Total ram usage:        0 bytes
 Hardware stack levels used:    1
 Hardware stack levels required when called:    6
 This function calls:
		_uart_putc
 This function is called by:
		_uart_println
 This function uses a non-reentrant model


 *************** function _uart_printUint8 *****************
 Defined at:
		line 112 in file "uart.c"
 Parameters:    Size  Location     Type
  a               1    wreg     unsigned char 
 Auto vars:     Size  Location     Type
  a               1   30[COMRAM] unsigned char 
  divisor         1   31[COMRAM] unsigned char 
 Return value:  Size  Location     Type
                  1    wreg      void 
 Registers used:
		wreg, fsr1l, fsr1h, fsr2l, fsr2h, status,2, status,0, prodl, prodh, cstack
 Tracked objects:
		On entry : 
		On exit  : 
		Unchanged: 
 Data sizes:     COMRAM   BANK0   BANK1   BANK2   BANK3   BANK4   BANK5   BANK6   BANK7   BANK8   BANK9  BANK10  BANK11  BANK12  BANK13  BANK14  BANK15
      Params:         0       0       0       0       0       0       0       0       0       0       0       0       0       0       0       0       0
      Locals:         2       0       0       0       0       0       0       0       0       0       0       0       0       0       0       0       0
      Temps:          0       0       0       0       0       0       0       0       0       0       0       0       0       0       0       0       0
      Totals:         2       0       0       0       0       0       0       0       0       0       0       0       0       0       0       0       0
Total ram usage:        2 bytes
 Hardware stack levels used:    1
 Hardware stack levels required when called:    6
 This function calls:
		___awdiv
		___awmod
		_uart_putc
 This function is called by:
		_main
 This function uses a non-reentrant model


 *************** function ___awdiv *****************
 Defined at:
		line 7 in file "/opt/microchip/xc8/v2.31/pic/sources/c99/common/awdiv.c"
 Parameters:    Size  Location     Type
  dividend        2   22[COMRAM] int 
  divisor         2   24[COMRAM] int 
 Auto vars:     Size  Location     Type
  quotient        2   28[COMRAM] int 
  sign            1   27[COMRAM] unsigned char 
  counter         1   26[COMRAM] unsigned char 
 Return value:  Size  Location     Type
                  2   22[COMRAM] int 
 Registers used:
		wreg, status,2, status,0
 Tracked objects:
		On entry : 
		On exit  : 
		Unchanged: 
 Data sizes:     COMRAM   BANK0   BANK1   BANK2   BANK3   BANK4   BANK5   BANK6   BANK7   BANK8   BANK9  BANK10  BANK11  BANK12  BANK13  BANK14  BANK15
      Params:         4       0       0       0       0       0       0       0       0       0       0       0       0       0       0       0       0
      Locals:         4       0       0       0       0       0       0       0       0       0       0       0       0       0       0       0       0
      Temps:          0       0       0       0       0       0       0       0       0       0       0       0       0       0       0       0       0
      Totals:         8       0       0       0       0       0       0       0       0       0       0       0       0       0       0       0       0
Total ram usage:        8 bytes
 Hardware stack levels used:    1
 Hardware stack levels required when called:    4
 This function calls:
		Nothing
 This function is called by:
		_uart_printUint8
 This function uses a non-reentrant model


 *************** function _uart_printFloat *****************
 Defined at:
		line 186 in file "uart.c"
 Parameters:    Size  Location     Type
  a               4    8[BANK0 ] float 
  digitsAfterC    1   12[BANK0 ] unsigned char 
 Auto vars:     Size  Location     Type
  i               1   50[COMRAM] unsigned char 
  d               1   49[COMRAM] unsigned char 
 Return value:  Size  Location     Type
                  1    wreg      void 
 Registers used:
		wreg, fsr1l, fsr1h, fsr2l, fsr2h, status,2, status,0, prodl, prodh, cstack
 Tracked objects:
		On entry : 
		On exit  : 
		Unchanged: 
 Data sizes:     COMRAM   BANK0   BANK1   BANK2   BANK3   BANK4   BANK5   BANK6   BANK7   BANK8   BANK9  BANK10  BANK11  BANK12  BANK13  BANK14  BANK15
      Params:         0       5       0       0       0       0       0       0       0       0       0       0       0       0       0       0       0
      Locals:         2       0       0       0       0       0       0       0       0       0       0       0       0       0       0       0       0
      Temps:          1       0       0       0       0       0       0       0       0       0       0       0       0       0       0       0       0
      Totals:         3       5       0       0       0       0       0       0       0       0       0       0       0       0       0       0       0
Total ram usage:        8 bytes
 Hardware stack levels used:    1
 Hardware stack levels required when called:    7
 This function calls:
		___awmod
		___flmul
		___flsub
		___fltol
		___xxtofl
		_uart_printInt32
		_uart_putc
 This function is called by:
		_main
 This function uses a non-reentrant model


 *************** function _uart_printInt32 *****************
 Defined at:
		line 162 in file "uart.c"
 Parameters:    Size  Location     Type
  a               4   40[COMRAM] long 
 Auto vars:     Size  Location     Type
  modulor         4    4[BANK0 ] long 
 Return value:  Size  Location     Type
                  1    wreg      void 
 Registers used:
		wreg, fsr1l, fsr1h, fsr2l, fsr2h, status,2, status,0, cstack
 Tracked objects:
		On entry : 
		On exit  : 
		Unchanged: 
 Data sizes:     COMRAM   BANK0   BANK1   BANK2   BANK3   BANK4   BANK5   BANK6   BANK7   BANK8   BANK9  BANK10  BANK11  BANK12  BANK13  BANK14  BANK15
      Params:         4       0       0       0       0       0       0       0       0       0       0       0       0       0       0       0       0
      Locals:         0       8       0       0       0       0       0       0       0       0       0       0       0       0       0       0       0
      Temps:          1       0       0       0       0       0       0       0       0       0       0       0       0       0       0       0       0
      Totals:         5       8       0       0       0       0       0       0       0       0       0       0       0       0       0       0       0
Total ram usage:       13 bytes
 Hardware stack levels used:    1
 Hardware stack levels required when called:    6
 This function calls:
		___aldiv
		___almod
		___lmul
		_uart_putc
 This function is called by:
		_main
		_uart_printFloat
 This function uses a non-reentrant model


 *************** function ___lmul *****************
 Defined at:
		line 15 in file "/opt/microchip/xc8/v2.31/pic/sources/c99/common/Umul32.c"
 Parameters:    Size  Location     Type
  multiplier      4   16[COMRAM] unsigned long 
  multiplicand    4   20[COMRAM] unsigned long 
 Auto vars:     Size  Location     Type
  product         4   24[COMRAM] unsigned long 
 Return value:  Size  Location     Type
                  4   16[COMRAM] unsigned long 
 Registers used:
		wreg, status,2, status,0
 Tracked objects:
		On entry : 
		On exit  : 
		Unchanged: 
 Data sizes:     COMRAM   BANK0   BANK1   BANK2   BANK3   BANK4   BANK5   BANK6   BANK7   BANK8   BANK9  BANK10  BANK11  BANK12  BANK13  BANK14  BANK15
      Params:         8       0       0       0       0       0       0       0       0       0       0       0       0       0       0       0       0
      Locals:         4       0       0       0       0       0       0       0       0       0       0       0       0       0       0       0       0
      Temps:          0       0       0       0       0       0       0       0       0       0       0       0       0       0       0       0       0
      Totals:        12       0       0       0       0       0       0       0       0       0       0       0       0       0       0       0       0
Total ram usage:       12 bytes
 Hardware stack levels used:    1
 Hardware stack levels required when called:    4
 This function calls:
		Nothing
 This function is called by:
		_uart_printInt32
 This function uses a non-reentrant model


 *************** function ___almod *****************
 Defined at:
		line 7 in file "/opt/microchip/xc8/v2.31/pic/sources/c99/common/almod.c"
 Parameters:    Size  Location     Type
  dividend        4   16[COMRAM] long 
  divisor         4   20[COMRAM] long 
 Auto vars:     Size  Location     Type
  sign            1   25[COMRAM] unsigned char 
  counter         1   24[COMRAM] unsigned char 
 Return value:  Size  Location     Type
                  4   16[COMRAM] long 
 Registers used:
		wreg, status,2, status,0
 Tracked objects:
		On entry : 
		On exit  : 
		Unchanged: 
 Data sizes:     COMRAM   BANK0   BANK1   BANK2   BANK3   BANK4   BANK5   BANK6   BANK7   BANK8   BANK9  BANK10  BANK11  BANK12  BANK13  BANK14  BANK15
      Params:         8       0       0       0       0       0       0       0       0       0       0       0       0       0       0       0       0
      Locals:         2       0       0       0       0       0       0       0       0       0       0       0       0       0       0       0       0
      Temps:          0       0       0       0       0       0       0       0       0       0       0       0       0       0       0       0       0
      Totals:        10       0       0       0       0       0       0       0       0       0       0       0       0       0       0       0       0
Total ram usage:       10 bytes
 Hardware stack levels used:    1
 Hardware stack levels required when called:    4
 This function calls:
		Nothing
 This function is called by:
		_uart_printInt32
 This function uses a non-reentrant model


 *************** function ___aldiv *****************
 Defined at:
		line 7 in file "/opt/microchip/xc8/v2.31/pic/sources/c99/common/aldiv.c"
 Parameters:    Size  Location     Type
  dividend        4   26[COMRAM] long 
  divisor         4   30[COMRAM] long 
 Auto vars:     Size  Location     Type
  quotient        4   36[COMRAM] long 
  sign            1   35[COMRAM] unsigned char 
  counter         1   34[COMRAM] unsigned char 
 Return value:  Size  Location     Type
                  4   26[COMRAM] long 
 Registers used:
		wreg, status,2, status,0
 Tracked objects:
		On entry : 
		On exit  : 
		Unchanged: 
 Data sizes:     COMRAM   BANK0   BANK1   BANK2   BANK3   BANK4   BANK5   BANK6   BANK7   BANK8   BANK9  BANK10  BANK11  BANK12  BANK13  BANK14  BANK15
      Params:         8       0       0       0       0       0       0       0       0       0       0       0       0       0       0       0       0
      Locals:         6       0       0       0       0       0       0       0       0       0       0       0       0       0       0       0       0
      Temps:          0       0       0       0       0       0       0       0       0       0       0       0       0       0       0       0       0
      Totals:        14       0       0       0       0       0       0       0       0       0       0       0       0       0       0       0       0
Total ram usage:       14 bytes
 Hardware stack levels used:    1
 Hardware stack levels required when called:    4
 This function calls:
		Nothing
 This function is called by:
		_uart_printInt32
 This function uses a non-reentrant model


 *************** function ___xxtofl *****************
 Defined at:
		line 10 in file "/opt/microchip/xc8/v2.31/pic/sources/c99/common/xxtofl.c"
 Parameters:    Size  Location     Type
  sign            1    wreg     unsigned char 
  val             4   26[COMRAM] long 
 Auto vars:     Size  Location     Type
  sign            1   34[COMRAM] unsigned char 
  arg             4   36[COMRAM] unsigned long 
  exp             1   35[COMRAM] unsigned char 
 Return value:  Size  Location     Type
                  4   26[COMRAM] unsigned char 
 Registers used:
		wreg, status,2, status,0
 Tracked objects:
		On entry : 
		On exit  : 
		Unchanged: 
 Data sizes:     COMRAM   BANK0   BANK1   BANK2   BANK3   BANK4   BANK5   BANK6   BANK7   BANK8   BANK9  BANK10  BANK11  BANK12  BANK13  BANK14  BANK15
      Params:         4       0       0       0       0       0       0       0       0       0       0       0       0       0       0       0       0
      Locals:         6       0       0       0       0       0       0       0       0       0       0       0       0       0       0       0       0
      Temps:          4       0       0       0       0       0       0       0       0       0       0       0       0       0       0       0       0
      Totals:        14       0       0       0       0       0       0       0       0       0       0       0       0       0       0       0       0
Total ram usage:       14 bytes
 Hardware stack levels used:    1
 Hardware stack levels required when called:    4
 This function calls:
		Nothing
 This function is called by:
		_uart_printFloat
 This function uses a non-reentrant model


 *************** function ___fltol *****************
 Defined at:
		line 43 in file "/opt/microchip/xc8/v2.31/pic/sources/c99/common/fltol.c"
 Parameters:    Size  Location     Type
  f1              4   16[COMRAM] unsigned char 
 Auto vars:     Size  Location     Type
  exp1            1   25[COMRAM] unsigned char 
  sign1           1   24[COMRAM] unsigned char 
 Return value:  Size  Location     Type
                  4   16[COMRAM] long 
 Registers used:
		wreg, status,2, status,0
 Tracked objects:
		On entry : 
		On exit  : 
		Unchanged: 
 Data sizes:     COMRAM   BANK0   BANK1   BANK2   BANK3   BANK4   BANK5   BANK6   BANK7   BANK8   BANK9  BANK10  BANK11  BANK12  BANK13  BANK14  BANK15
      Params:         4       0       0       0       0       0       0       0       0       0       0       0       0       0       0       0       0
      Locals:         2       0       0       0       0       0       0       0       0       0       0       0       0       0       0       0       0
      Temps:          4       0       0       0       0       0       0       0       0       0       0       0       0       0       0       0       0
      Totals:        10       0       0       0       0       0       0       0       0       0       0       0       0       0       0       0       0
Total ram usage:       10 bytes
 Hardware stack levels used:    1
 Hardware stack levels required when called:    4
 This function calls:
		Nothing
 This function is called by:
		_uart_printFloat
 This function uses a non-reentrant model


 *************** function ___flsub *****************
 Defined at:
		line 245 in file "/opt/microchip/xc8/v2.31/pic/sources/c99/common/sprcadd.c"
 Parameters:    Size  Location     Type
  b               4   40[COMRAM] long 
  a               4   44[COMRAM] long 
 Auto vars:     Size  Location     Type
		None
 Return value:  Size  Location     Type
                  4   40[COMRAM] long 
 Registers used:
		wreg, status,2, status,0, cstack
 Tracked objects:
		On entry : 
		On exit  : 
		Unchanged: 
 Data sizes:     COMRAM   BANK0   BANK1   BANK2   BANK3   BANK4   BANK5   BANK6   BANK7   BANK8   BANK9  BANK10  BANK11  BANK12  BANK13  BANK14  BANK15
      Params:         8       0       0       0       0       0       0       0       0       0       0       0       0       0       0       0       0
      Locals:         0       0       0       0       0       0       0       0       0       0       0       0       0       0       0       0       0
      Temps:          0       0       0       0       0       0       0       0       0       0       0       0       0       0       0       0       0
      Totals:         8       0       0       0       0       0       0       0       0       0       0       0       0       0       0       0       0
Total ram usage:        8 bytes
 Hardware stack levels used:    1
 Hardware stack levels required when called:    5
 This function calls:
		___fladd
 This function is called by:
		_uart_printFloat
 This function uses a non-reentrant model


 *************** function ___fladd *****************
 Defined at:
		line 10 in file "/opt/microchip/xc8/v2.31/pic/sources/c99/common/sprcadd.c"
 Parameters:    Size  Location     Type
  b               4   16[COMRAM] long 
  a               4   20[COMRAM] long 
 Auto vars:     Size  Location     Type
  grs             1   31[COMRAM] unsigned char 
  bexp            1   30[COMRAM] unsigned char 
  aexp            1   29[COMRAM] unsigned char 
  signs           1   28[COMRAM] unsigned char 
 Return value:  Size  Location     Type
                  4   16[COMRAM] unsigned char 
 Registers used:
		wreg, status,2, status,0
 Tracked objects:
		On entry : 
		On exit  : 
		Unchanged: 
 Data sizes:     COMRAM   BANK0   BANK1   BANK2   BANK3   BANK4   BANK5   BANK6   BANK7   BANK8   BANK9  BANK10  BANK11  BANK12  BANK13  BANK14  BANK15
      Params:         8       0       0       0       0       0       0       0       0       0       0       0       0       0       0       0       0
      Locals:         4       0       0       0       0       0       0       0       0       0       0       0       0       0       0       0       0
      Temps:          4       0       0       0       0       0       0       0       0       0       0       0       0       0       0       0       0
      Totals:        16       0       0       0       0       0       0       0       0       0       0       0       0       0       0       0       0
Total ram usage:       16 bytes
 Hardware stack levels used:    1
 Hardware stack levels required when called:    4
 This function calls:
		Nothing
 This function is called by:
		___flsub
 This function uses a non-reentrant model


 *************** function ___flmul *****************
 Defined at:
		line 8 in file "/opt/microchip/xc8/v2.31/pic/sources/c99/common/sprcmul.c"
 Parameters:    Size  Location     Type
  b               4   16[COMRAM] unsigned char 
  a               4   20[COMRAM] unsigned char 
 Auto vars:     Size  Location     Type
  prod            4   35[COMRAM] struct .
  grs             4   30[COMRAM] unsigned long 
  temp            2   39[COMRAM] struct .
  bexp            1   34[COMRAM] unsigned char 
  aexp            1   29[COMRAM] unsigned char 
  sign            1   28[COMRAM] unsigned char 
 Return value:  Size  Location     Type
                  4   16[COMRAM] unsigned char 
 Registers used:
		wreg, status,2, status,0, prodl, prodh
 Tracked objects:
		On entry : 
		On exit  : 
		Unchanged: 
 Data sizes:     COMRAM   BANK0   BANK1   BANK2   BANK3   BANK4   BANK5   BANK6   BANK7   BANK8   BANK9  BANK10  BANK11  BANK12  BANK13  BANK14  BANK15
      Params:         8       0       0       0       0       0       0       0       0       0       0       0       0       0       0       0       0
      Locals:        13       0       0       0       0       0       0       0       0       0       0       0       0       0       0       0       0
      Temps:          4       0       0       0       0       0       0       0       0       0       0       0       0       0       0       0       0
      Totals:        25       0       0       0       0       0       0       0       0       0       0       0       0       0       0       0       0
Total ram usage:       25 bytes
 Hardware stack levels used:    1
 Hardware stack levels required when called:    4
 This function calls:
		Nothing
 This function is called by:
		_uart_printFloat
 This function uses a non-reentrant model


 *************** function ___awmod *****************
 Defined at:
		line 7 in file "/opt/microchip/xc8/v2.31/pic/sources/c99/common/awmod.c"
 Parameters:    Size  Location     Type
  dividend        2   16[COMRAM] int 
  divisor         2   18[COMRAM] int 
 Auto vars:     Size  Location     Type
  sign            1   21[COMRAM] unsigned char 
  counter         1   20[COMRAM] unsigned char 
 Return value:  Size  Location     Type
                  2   16[COMRAM] int 
 Registers used:
		wreg, status,2, status,0
 Tracked objects:
		On entry : 
		On exit  : 
		Unchanged: 
 Data sizes:     COMRAM   BANK0   BANK1   BANK2   BANK3   BANK4   BANK5   BANK6   BANK7   BANK8   BANK9  BANK10  BANK11  BANK12  BANK13  BANK14  BANK15
      Params:         4       0       0       0       0       0       0       0       0       0       0       0       0       0       0       0       0
      Locals:         2       0       0       0       0       0       0       0       0       0       0       0       0       0       0       0       0
      Temps:          0       0       0       0       0       0       0       0       0       0       0       0       0       0       0       0       0
      Totals:         6       0       0       0       0       0       0       0       0       0       0       0       0       0       0       0       0
Total ram usage:        6 bytes
 Hardware stack levels used:    1
 Hardware stack levels required when called:    4
 This function calls:
		Nothing
 This function is called by:
		_uart_printUint8
		_uart_printFloat
 This function uses a non-reentrant model


 *************** function _uart_printByteHex *****************
 Defined at:
		line 148 in file "uart.c"
 Parameters:    Size  Location     Type
  a               1    wreg     unsigned char 
 Auto vars:     Size  Location     Type
  a               1   28[COMRAM] unsigned char 
 Return value:  Size  Location     Type
                  1    wreg      void 
 Registers used:
		wreg, fsr1l, fsr1h, fsr2l, fsr2h, status,2, status,0, cstack
 Tracked objects:
		On entry : 
		On exit  : 
		Unchanged: 
 Data sizes:     COMRAM   BANK0   BANK1   BANK2   BANK3   BANK4   BANK5   BANK6   BANK7   BANK8   BANK9  BANK10  BANK11  BANK12  BANK13  BANK14  BANK15
      Params:         0       0       0       0       0       0       0       0       0       0       0       0       0       0       0       0       0
      Locals:         1       0       0       0       0       0       0       0       0       0       0       0       0       0       0       0       0
      Temps:          1       0       0       0       0       0       0       0       0       0       0       0       0       0       0       0       0
      Totals:         2       0       0       0       0       0       0       0       0       0       0       0       0       0       0       0       0
Total ram usage:        2 bytes
 Hardware stack levels used:    1
 Hardware stack levels required when called:    6
 This function calls:
		_uart_putc
 This function is called by:
		_main
 This function uses a non-reentrant model


 *************** function _uart_printByteBinary *****************
 Defined at:
		line 132 in file "uart.c"
 Parameters:    Size  Location     Type
  a               1    wreg     unsigned char 
 Auto vars:     Size  Location     Type
  a               1   29[COMRAM] unsigned char 
  i               1   30[COMRAM] unsigned char 
 Return value:  Size  Location     Type
                  1    wreg      void 
 Registers used:
		wreg, fsr1l, fsr1h, fsr2l, fsr2h, status,2, status,0, cstack
 Tracked objects:
		On entry : 
		On exit  : 
		Unchanged: 
 Data sizes:     COMRAM   BANK0   BANK1   BANK2   BANK3   BANK4   BANK5   BANK6   BANK7   BANK8   BANK9  BANK10  BANK11  BANK12  BANK13  BANK14  BANK15
      Params:         0       0       0       0       0       0       0       0       0       0       0       0       0       0       0       0       0
      Locals:         2       0       0       0       0       0       0       0       0       0       0       0       0       0       0       0       0
      Temps:          2       0       0       0       0       0       0       0       0       0       0       0       0       0       0       0       0
      Totals:         4       0       0       0       0       0       0       0       0       0       0       0       0       0       0       0       0
Total ram usage:        4 bytes
 Hardware stack levels used:    1
 Hardware stack levels required when called:    6
 This function calls:
		_uart_putc
 This function is called by:
		_main
 This function uses a non-reentrant model


 *************** function _uart_putc *****************
 Defined at:
		line 74 in file "uart.c"
 Parameters:    Size  Location     Type
  a               1    wreg     const unsigned char 
 Auto vars:     Size  Location     Type
  a               1   26[COMRAM] const unsigned char 
 Return value:  Size  Location     Type
                  1    wreg      void 
 Registers used:
		wreg, fsr1l, fsr1h, fsr2l, fsr2h, status,2, status,0, cstack
 Tracked objects:
		On entry : 
		On exit  : 
		Unchanged: 
 Data sizes:     COMRAM   BANK0   BANK1   BANK2   BANK3   BANK4   BANK5   BANK6   BANK7   BANK8   BANK9  BANK10  BANK11  BANK12  BANK13  BANK14  BANK15
      Params:         0       0       0       0       0       0       0       0       0       0       0       0       0       0       0       0       0
      Locals:         1       0       0       0       0       0       0       0       0       0       0       0       0       0       0       0       0
      Temps:          0       0       0       0       0       0       0       0       0       0       0       0       0       0       0       0       0
      Totals:         1       0       0       0       0       0       0       0       0       0       0       0       0       0       0       0       0
Total ram usage:        1 bytes
 Hardware stack levels used:    1
 Hardware stack levels required when called:    5
 This function calls:
		_circularBuffer_isFull
[...]
 Return value:  Size  Location     Type
                  1    wreg      void 
 Registers used:
		wreg, fsr2l, fsr2h, status,2, status,0, cstack
 Tracked objects:
		On entry : 
		On exit  : 
		Unchanged: 
 Data sizes:     COMRAM   BANK0   BANK1   BANK2   BANK3   BANK4   BANK5   BANK6   BANK7   BANK8   BANK9  BANK10  BANK11  BANK12  BANK13  BANK14  BANK15
      Params:         4       0       0       0       0       0       0       0       0       0       0       0       0       0       0       0       0
      Locals:         2       0       0       0       0       0       0       0       0       0       0       0       0       0       0       0       0
      Temps:          4       0       0       0       0       0       0       0       0       0       0       0       0       0       0       0       0
      Totals:        10       0       0       0       0       0       0       0       0       0       0       0       0       0       0       0       0
Total ram usage:       10 bytes
 Hardware stack levels used:    1
 Hardware stack levels required when called:    5
 This function calls:
		___lldiv
		_circularBuffer_init
 This function is called by:
		_main
 This function uses a non-reentrant model


 *************** function _circularBuffer_init *****************
 Defined at:
		line 4 in file "circularBuffer.c"
 Parameters:    Size  Location     Type
  theCircularB    2   16[COMRAM] PTR volatile struct .
		 -> txBuffer(5), rxBuffer(5), 
  theBuffer       2   18[COMRAM] PTR volatile unsigned ch
		 -> txBufferMemory(64), rxBufferMemory(16), 
  size            1   20[COMRAM] unsigned char 
 Auto vars:     Size  Location     Type
		None
 Return value:  Size  Location     Type
                  1    wreg      void 
 Registers used:
		wreg, fsr2l, fsr2h, status,2, status,0
 Tracked objects:
		On entry : 
		On exit  : 
		Unchanged: 
 Data sizes:     COMRAM   BANK0   BANK1   BANK2   BANK3   BANK4   BANK5   BANK6   BANK7   BANK8   BANK9  BANK10  BANK11  BANK12  BANK13  BANK14  BANK15
      Params:         5       0       0       0       0       0       0       0       0       0       0       0       0       0       0       0       0
      Locals:         0       0       0       0       0       0       0       0       0       0       0       0       0       0       0       0       0
      Temps:          0       0       0       0       0       0       0       0       0       0       0       0       0       0       0       0       0
      Totals:         5       0       0       0       0       0       0       0       0       0       0       0       0       0       0       0       0
Total ram usage:        5 bytes
 Hardware stack levels used:    1
 Hardware stack levels required when called:    4
 This function calls:
		Nothing
 This function is called by:
		_uart_init
 This function uses a non-reentrant model


 *************** function ___lldiv *****************
 Defined at:
		line 7 in file "/opt/microchip/xc8/v2.31/pic/sources/c99/common/__lldiv.c"
 Parameters:    Size  Location     Type
  dividend        4   16[COMRAM] unsigned long 
  divisor         4   20[COMRAM] unsigned long 
 Auto vars:     Size  Location     Type
  quotient        4   24[COMRAM] unsigned long 
  counter         1   28[COMRAM] unsigned char 
 Return value:  Size  Location     Type
                  4   16[COMRAM] unsigned long 
 Registers used:
		wreg, status,2, status,0
 Tracked objects:
		On entry : 
		On exit  : 
		Unchanged: 
 Data sizes:     COMRAM   BANK0   BANK1   BANK2   BANK3   BANK4   BANK5   BANK6   BANK7   BANK8   BANK9  BANK10  BANK11  BANK12  BANK13  BANK14  BANK15
      Params:         8       0       0       0       0       0       0       0       0       0       0       0       0       0       0       0       0
      Locals:         5       0       0       0       0       0       0       0       0       0       0       0       0       0       0       0       0
      Temps:          0       0       0       0       0       0       0       0       0       0       0       0       0       0       0       0       0
      Totals:        13       0       0       0       0       0       0       0       0       0       0       0       0       0       0       0       0
Total ram usage:       13 bytes
 Hardware stack levels used:    1
 Hardware stack levels required when called:    4
 This function calls:
		Nothing
 This function is called by:
		_uart_init
 This function uses a non-reentrant model


 *************** function _theInterrupt *****************
 Defined at:
		line 76 in file "main.c"
 Parameters:    Size  Location     Type
		None
 Auto vars:     Size  Location     Type
		None
 Return value:  Size  Location     Type
                  1    wreg      void 
 Registers used:
		wreg, fsr1l, fsr1h, fsr2l, fsr2h, status,2, status,0, cstack
 Tracked objects:
		On entry : 
		On exit  : 
		Unchanged: 
 Data sizes:     COMRAM   BANK0   BANK1   BANK2   BANK3   BANK4   BANK5   BANK6   BANK7   BANK8   BANK9  BANK10  BANK11  BANK12  BANK13  BANK14  BANK15
      Params:         0       0       0       0       0       0       0       0       0       0       0       0       0       0       0       0       0
      Locals:         0       0       0       0       0       0       0       0       0       0       0       0       0       0       0       0       0
      Temps:          4       0       0       0       0       0       0       0       0       0       0       0       0       0       0       0       0
      Totals:         4       0       0       0       0       0       0       0       0       0       0       0       0       0       0       0       0
Total ram usage:        4 bytes
 Hardware stack levels used:    1
 Hardware stack levels required when called:    3
 This function calls:
		_uart_rxInterrupt
		_uart_txInterrupt
 This function is called by:
		Interrupt level 2
 This function uses a non-reentrant model


 *************** function _uart_txInterrupt *****************
 Defined at:
		line 207 in file "uart.c"
 Parameters:    Size  Location     Type
		None
 Auto vars:     Size  Location     Type
  txChar          1   11[COMRAM] unsigned char 
 Return value:  Size  Location     Type
                  1    wreg      void 
 Registers used:
		wreg, fsr1l, fsr1h, fsr2l, fsr2h, status,2, status,0, cstack
 Tracked objects:
		On entry : 
		On exit  : 
		Unchanged: 
 Data sizes:     COMRAM   BANK0   BANK1   BANK2   BANK3   BANK4   BANK5   BANK6   BANK7   BANK8   BANK9  BANK10  BANK11  BANK12  BANK13  BANK14  BANK15
      Params:         0       0       0       0       0       0       0       0       0       0       0       0       0       0       0       0       0
      Locals:         1       0       0       0       0       0       0       0       0       0       0       0       0       0       0       0       0
      Temps:          0       0       0       0       0       0       0       0       0       0       0       0       0       0       0       0       0
      Totals:         1       0       0       0       0       0       0       0       0       0       0       0       0       0       0       0       0
Total ram usage:        1 bytes
 Hardware stack levels used:    1
 Hardware stack levels required when called:    2
 This function calls:
		_circularBuffer_isEmpty
		i2_circularBuffer_read
		i2_uart_putc
 This function is called by:
		_theInterrupt
 This function uses a non-reentrant model


 *************** function i2_uart_putc *****************
 Defined at:
		line 74 in file "uart.c"
 Parameters:    Size  Location     Type
  a               1    wreg     const unsigned char 
 Auto vars:     Size  Location     Type
  a               1   10[COMRAM] const unsigned char 
 Return value:  Size  Location     Type
                  1    wreg      void 
 Registers used:
		wreg, fsr1l, fsr1h, fsr2l, fsr2h, status,2, status,0, cstack
 Tracked objects:
		On entry : 
		On exit  : 
		Unchanged: 
 Data sizes:     COMRAM   BANK0   BANK1   BANK2   BANK3   BANK4   BANK5   BANK6   BANK7   BANK8   BANK9  BANK10  BANK11  BANK12  BANK13  BANK14  BANK15
      Params:         0       0       0       0       0       0       0       0       0       0       0       0       0       0       0       0       0
      Locals:         1       0       0       0       0       0       0       0       0       0       0       0       0       0       0       0       0
      Temps:          0       0       0       0       0       0       0       0       0       0       0       0       0       0       0       0       0
      Totals:         1       0       0       0       0       0       0       0       0       0       0       0       0       0       0       0       0
Total ram usage:        1 bytes
 Hardware stack levels used:    1
 Hardware stack levels required when called:    1
 This function calls:
		i2_circularBuffer_isFull
		i2_circularBuffer_write
 This function is called by:
		_uart_txInterrupt
 This function uses a non-reentrant model


 *************** function i2_circularBuffer_isFull *****************
 Defined at:
		line 83 in file "circularBuffer.c"
 Parameters:    Size  Location     Type
  theCircularB    2    0[COMRAM] PTR volatile struct .
		 -> txBuffer(5), 
 Auto vars:     Size  Location     Type
  gieSet          1    8[COMRAM] unsigned char 
 Return value:  Size  Location     Type
                  1    wreg      unsigned char 
 Registers used:
		wreg, fsr2l, fsr2h, status,2, status,0
 Tracked objects:
		On entry : 
		On exit  : 
		Unchanged: 
 Data sizes:     COMRAM   BANK0   BANK1   BANK2   BANK3   BANK4   BANK5   BANK6   BANK7   BANK8   BANK9  BANK10  BANK11  BANK12  BANK13  BANK14  BANK15
      Params:         2       0       0       0       0       0       0       0       0       0       0       0       0       0       0       0       0
      Locals:         1       0       0       0       0       0       0       0       0       0       0       0       0       0       0       0       0
      Temps:          6       0       0       0       0       0       0       0       0       0       0       0       0       0       0       0       0
      Totals:         9       0       0       0       0       0       0       0       0       0       0       0       0       0       0       0       0
Total ram usage:        9 bytes
 Hardware stack levels used:    1
 This function calls:
		Nothing
 This function is called by:
		i2_uart_putc
 This function uses a non-reentrant model


 *************** function i2_circularBuffer_read *****************
 Defined at:
		line 37 in file "circularBuffer.c"
 Parameters:    Size  Location     Type
  theCircularB    2    0[COMRAM] PTR volatile struct .
		 -> txBuffer(5), rxBuffer(5), 
  toRead          2    2[COMRAM] PTR unsigned char 
		 -> uart_txInterrupt@txChar(1), main@rxChar(1), 
 Auto vars:     Size  Location     Type
  gieSet          1    7[COMRAM] unsigned char 
 Return value:  Size  Location     Type
                  1    wreg      unsigned char 
 Registers used:
		wreg, fsr1l, fsr1h, fsr2l, fsr2h, status,2, status,0
 Tracked objects:
		On entry : 
		On exit  : 
		Unchanged: 
 Data sizes:     COMRAM   BANK0   BANK1   BANK2   BANK3   BANK4   BANK5   BANK6   BANK7   BANK8   BANK9  BANK10  BANK11  BANK12  BANK13  BANK14  BANK15
      Params:         4       0       0       0       0       0       0       0       0       0       0       0       0       0       0       0       0
      Locals:         1       0       0       0       0       0       0       0       0       0       0       0       0       0       0       0       0
      Temps:          3       0       0       0       0       0       0       0       0       0       0       0       0       0       0       0       0
      Totals:         8       0       0       0       0       0       0       0       0       0       0       0       0       0       0       0       0
Total ram usage:        8 bytes
 Hardware stack levels used:    1
 This function calls:
		Nothing
 This function is called by:
		_uart_txInterrupt
 This function uses a non-reentrant model


 *************** function _circularBuffer_isEmpty *****************
 Defined at:
		line 62 in file "circularBuffer.c"
 Parameters:    Size  Location     Type
  theCircularB    2    0[COMRAM] PTR volatile struct .
		 -> txBuffer(5), rxBuffer(5), 
 Auto vars:     Size  Location     Type
  gieSet          1    4[COMRAM] unsigned char 
 Return value:  Size  Location     Type
                  1    wreg      unsigned char 
 Registers used:
		wreg, fsr1l, fsr1h, fsr2l, fsr2h, status,2, status,0
 Tracked objects:
		On entry : 
		On exit  : 
		Unchanged: 
 Data sizes:     COMRAM   BANK0   BANK1   BANK2   BANK3   BANK4   BANK5   BANK6   BANK7   BANK8   BANK9  BANK10  BANK11  BANK12  BANK13  BANK14  BANK15
      Params:         2       0       0       0       0       0       0       0       0       0       0       0       0       0       0       0       0
      Locals:         1       0       0       0       0       0       0       0       0       0       0       0       0       0       0       0       0
      Temps:          2       0       0       0       0       0       0       0       0       0       0       0       0       0       0       0       0
      Totals:         5       0       0       0       0       0       0       0       0       0       0       0       0       0       0       0       0
Total ram usage:        5 bytes
 Hardware stack levels used:    1
 This function calls:
		Nothing
 This function is called by:
		_uart_txInterrupt
		_uart_dataReady
 This function uses a non-reentrant model


 *************** function _uart_rxInterrupt *****************
 Defined at:
		line 225 in file "uart.c"
 Parameters:    Size  Location     Type
		None
 Auto vars:     Size  Location     Type
		None
 Return value:  Size  Location     Type
                  1    wreg      void 
 Registers used:
		wreg, fsr1l, fsr1h, fsr2l, fsr2h, status,2, status,0, cstack
 Tracked objects:
		On entry : 
		On exit  : 
		Unchanged: 
 Data sizes:     COMRAM   BANK0   BANK1   BANK2   BANK3   BANK4   BANK5   BANK6   BANK7   BANK8   BANK9  BANK10  BANK11  BANK12  BANK13  BANK14  BANK15
      Params:         0       0       0       0       0       0       0       0       0       0       0       0       0       0       0       0       0
      Locals:         0       0       0       0       0       0       0       0       0       0       0       0       0       0       0       0       0
      Temps:          0       0       0       0       0       0       0       0       0       0       0       0       0       0       0       0       0
      Totals:         0       0       0       0       0       0       0       0       0       0       0       0       0       0       0       0       0
Total ram usage:        0 bytes
 Hardware stack levels used:    1
 Hardware stack levels required when called:    1
 This function calls:
		i2_circularBuffer_write
 This function is called by:
		_theInterrupt
 This function uses a non-reentrant model


 *************** function i2_circularBuffer_write *****************
 Defined at:
		line 13 in file "circularBuffer.c"
 Parameters:    Size  Location     Type
  theCircularB    2    0[COMRAM] PTR volatile struct .
		 -> txBuffer(5), rxBuffer(5), 
  toWrite         1    2[COMRAM] unsigned char 
 Auto vars:     Size  Location     Type
  gieSet          1    9[COMRAM] unsigned char 
 Return value:  Size  Location     Type
                  1    wreg      unsigned char 
 Registers used:
		wreg, fsr1l, fsr1h, fsr2l, fsr2h, status,2, status,0
 Tracked objects:
		On entry : 
		On exit  : 
		Unchanged: 
 Data sizes:     COMRAM   BANK0   BANK1   BANK2   BANK3   BANK4   BANK5   BANK6   BANK7   BANK8   BANK9  BANK10  BANK11  BANK12  BANK13  BANK14  BANK15
      Params:         3       0       0       0       0       0       0       0       0       0       0       0       0       0       0       0       0
      Locals:         1       0       0       0       0       0       0       0       0       0       0       0       0       0       0       0       0
      Temps:          6       0       0       0       0       0       0       0       0       0       0       0       0       0       0       0       0
      Totals:        10       0       0       0       0       0       0       0       0       0       0       0       0       0       0       0       0
Total ram usage:       10 bytes
 Hardware stack levels used:    1
 This function calls:
		Nothing
 This function is called by:
		_uart_rxInterrupt
		i2_uart_putc
 This function uses a non-reentrant model



MODULE INFORMATION

Module		Function		Class		Link	Load	Size
/opt/microchip/xc8/v2.31/pic/sources/c99/common/aldiv.c
		___aldiv       		CODE           	25BA	0000	268

/opt/microchip/xc8/v2.31/pic/sources/c99/common/aldiv.c estimated size: 268

/opt/microchip/xc8/v2.31/pic/sources/c99/common/__lldiv.c
		___lldiv       		CODE           	2CF4	0000	164

/opt/microchip/xc8/v2.31/pic/sources/c99/common/__lldiv.c estimated size: 164

uart.c
		_uart_newline  		CODE           	3186	0000	14
		_uart_printUint8		CODE           	2AAC	0000	212
		_uart_testAndGetc		CODE           	314C	0000	22
		_uart_printFloat		CODE           	1F86	0000	346
		_uart_printByteBinary		CODE           	2EEC	0000	100
		_uart_txInterrupt		CODE           	30E0	0000	66
		_uart_init     		CODE           	2232	0000	316
		_uart_print    		CODE           	3008	0000	80
		_uart_rxInterrupt		CODE           	3174	0000	18
		_uart_putc     		CODE           	2F50	0000	92
		_uart_println  		CODE           	3162	0000	18
		_uart_printByteHex		CODE           	2D98	0000	122
		_uart_printInt32		CODE           	1932	0000	448

uart.c estimated size: 1854

circularBuffer.c
		_circularBuffer_write		CODE           	1CA6	0000	370
		_circularBuffer_init		CODE           	309E	0000	66
		_circularBuffer_read		CODE           	236E	0000	296
		_circularBuffer_isEmpty		CODE           	2E12	0000	112
		_circularBuffer_isFull		CODE           	27CC	0000	250

circularBuffer.c estimated size: 1094

/opt/microchip/xc8/v2.31/pic/sources/c99/common/sprcadd.c
		___flsub       		CODE           	3058	0000	70
		___fladd       		CODE           	1048	0000	1216

/opt/microchip/xc8/v2.31/pic/sources/c99/common/sprcadd.c estimated size: 1286

/opt/microchip/xc8/v2.31/pic/sources/c99/common/awmod.c
		___awmod       		CODE           	2C44	0000	176

/opt/microchip/xc8/v2.31/pic/sources/c99/common/awmod.c estimated size: 176

shared
		i2_circularBuffer_isFull		CODE           	28C6	0000	250
		__initialization		CODE           	3122	0000	24
		i2_circularBuffer_write		CODE           	1E18	0000	366
		i2_circularBuffer_read		CODE           	2496	0000	292
		i2_uart_putc   		CODE           	2FAC	0000	92

shared estimated size: 1024

/opt/microchip/xc8/v2.31/pic/sources/c99/common/almod.c
		___almod       		CODE           	29C0	0000	236

/opt/microchip/xc8/v2.31/pic/sources/c99/common/almod.c estimated size: 236

/opt/microchip/xc8/v2.31/pic/sources/c99/common/Umul32.c
		___lmul        		CODE           	2E82	0000	106

/opt/microchip/xc8/v2.31/pic/sources/c99/common/Umul32.c estimated size: 106

/opt/microchip/xc8/v2.31/pic/sources/c99/common/xxtofl.c
		___xxtofl      		CODE           	1AF2	0000	436

/opt/microchip/xc8/v2.31/pic/sources/c99/common/xxtofl.c estimated size: 436

main.c
		_main          		CODE           	20E0	0000	338
		_theInterrupt  		CODE           	0008	0000	102

main.c estimated size: 440

/opt/microchip/xc8/v2.31/pic/sources/c99/common/awdiv.c
		___awdiv       		CODE           	2B80	0000	196

/opt/microchip/xc8/v2.31/pic/sources/c99/common/awdiv.c estimated size: 196

/opt/microchip/xc8/v2.31/pic/sources/c99/common/fltol.c
		___fltol       		CODE           	26C6	0000	262

/opt/microchip/xc8/v2.31/pic/sources/c99/common/fltol.c estimated size: 262

/opt/microchip/xc8/v2.31/pic/sources/c99/common/sprcmul.c
		___flmul       		CODE           	1508	0000	1066

/opt/microchip/xc8/v2.31/pic/sources/c99/common/sprcmul.c estimated size: 1066

